// Jest Snapshot v1, https://goo.gl/fbAQLP

exports[`<Header /> should render correctly 1`] = `
<nav
  className="navbar is-info"
>
  <div
    className="navbar-brand"
  >
    <a
      className="navbar-item"
      href="/"
    >
      ReactJS with Redux
    </a>
  </div>
</nav>
`;
